\BOOKMARK [1][]{section.1}{\376\377\116\000\060\001\000\040\225\356\230\230\221\315\217\360}{}% 1
\BOOKMARK [2][]{subsection.1.1}{\376\377\0001\000.\0001\000\040\225\356\230\230\200\314\146\157}{section.1}% 2
\BOOKMARK [2][]{subsection.1.2}{\376\377\0001\000.\0002\000\040\225\356\230\230\143\317\217\360}{section.1}% 3
\BOOKMARK [1][]{section.2}{\376\377\116\214\060\001\000\040\225\356\230\230\122\006\147\220}{}% 4
\BOOKMARK [2][]{subsection.2.1}{\376\377\0002\000.\0001\000\040\140\073\117\123\122\006\147\220}{section.2}% 5
\BOOKMARK [2][]{subsection.2.2}{\376\377\0002\000.\0002\000\040\225\356\230\230\116\000\122\006\147\220}{section.2}% 6
\BOOKMARK [2][]{subsection.2.3}{\376\377\0002\000.\0003\000\040\225\356\230\230\116\214\122\006\147\220}{section.2}% 7
\BOOKMARK [2][]{subsection.2.4}{\376\377\0002\000.\0004\000\040\225\356\230\230\116\011\122\006\147\220}{section.2}% 8
\BOOKMARK [2][]{subsection.2.5}{\376\377\0002\000.\0005\000\040\225\356\230\230\126\333\122\006\147\220}{section.2}% 9
\BOOKMARK [1][]{section.3}{\376\377\116\011\060\001\000\040\152\041\127\213\120\107\213\276}{}% 10
\BOOKMARK [1][]{section.4}{\376\377\126\333\060\001\000\040\173\046\123\367\213\364\146\016}{}% 11
\BOOKMARK [1][]{section.5}{\376\377\116\224\060\001\000\040\152\041\127\213\166\204\136\372\172\313\116\016\154\102\211\343}{}% 12
\BOOKMARK [2][]{subsection.5.1}{\376\377\0005\000.\0001\000\040\225\356\230\230\116\000\377\032\000D\000u\000h\000a\000m\000e\000l\000\040\211\343\147\220\000\040\000+\000\040\214\061\221\115\160\271\152\041\127\213\377\010\000S\000C\000-\000H\000T\000M\000T\000-\000A\377\011}{section.5}% 13
\BOOKMARK [3][]{subsubsection.5.1.1}{\376\377\0005\000.\0001\000.\0001\000\040\160\330\142\077\163\257\130\203\166\204\116\000\226\066\140\357\140\047\217\250\213\306}{subsection.5.1}% 14
\BOOKMARK [3][]{subsubsection.5.1.2}{\376\377\0005\000.\0001\000.\0002\000\040\156\051\136\246\127\072\166\204\000\040\000D\000u\000h\000a\000m\000e\000l\000\040\225\355\137\017\211\343\147\220\211\343}{subsection.5.1}% 15
\BOOKMARK [3][]{subsubsection.5.1.3}{\376\377\0005\000.\0001\000.\0003\000\040\154\064\122\006\127\072\166\204\000\040\000C\000h\000e\000b\000y\000s\000h\000e\000v\000\040\214\061\221\115\160\271\154\102\211\343}{subsection.5.1}% 16
\BOOKMARK [3][]{subsubsection.5.1.4}{\376\377\0005\000.\0001\000.\0004\000\040\176\323\147\234\116\016\232\214\213\301}{subsection.5.1}% 17
\BOOKMARK [2][]{subsection.5.2}{\376\377\0005\000.\0002\000\040\225\356\230\230\116\214\377\032\123\330\162\151\140\047\123\314\124\021\200\046\124\010\214\061\152\041\127\213\377\010\000S\000C\000-\000H\000T\000M\000T\000-\000C\377\011}{section.5}% 18
\BOOKMARK [3][]{subsubsection.5.2.1}{\376\377\0005\000.\0002\000.\0001\000\040\152\041\127\213\136\372\172\313}{subsection.5.2}% 19
\BOOKMARK [3][]{subsubsection.5.2.2}{\376\377\0005\000.\0002\000.\0002\000\040\200\046\124\010\154\102\211\343}{subsection.5.2}% 20
\BOOKMARK [3][]{subsubsection.5.2.3}{\376\377\0005\000.\0002\000.\0003\000\040\214\061\122\006\217\250\163\207\116\016\172\172\225\364\145\066\145\133\377\010\147\054\230\230\121\163\225\056\145\160\120\074\163\257\202\202\377\011}{subsection.5.2}% 21
\BOOKMARK [3][]{subsubsection.5.2.4}{\376\377\0005\000.\0002\000.\0004\000\040\176\323\147\234}{subsection.5.2}% 22
\BOOKMARK [2][]{subsection.5.3}{\376\377\0005\000.\0003\000\040\225\356\230\230\116\011\377\032\160\330\136\162\145\366\225\177\122\044\133\232\377\010\131\015\165\050\000\040\000S\000C\000-\000H\000T\000M\000T\000-\000C\377\011}{section.5}% 23
\BOOKMARK [2][]{subsection.5.4}{\376\377\0005\000.\0004\000\040\225\356\230\230\126\333\377\032\000A\000L\000E\000\040\171\373\122\250\177\121\150\074\145\066\177\051\152\041\127\213\377\010\000S\000C\000-\000H\000T\000M\000T\000-\000L\377\011}{section.5}% 24
\BOOKMARK [3][]{subsubsection.5.4.1}{\376\377\0005\000.\0004\000.\0001\000\040\226\217\117\123\127\120\150\007\116\013\166\204\133\214\145\164\143\250\133\374\377\010\226\062\117\052\230\171\213\272\213\301\377\011}{subsection.5.4}% 25
\BOOKMARK [3][]{subsubsection.5.4.2}{\376\377\0005\000.\0004\000.\0002\000\040\176\323\147\234\116\016\232\214\213\301}{subsection.5.4}% 26
\BOOKMARK [1][]{section.6}{\376\377\121\155\060\001\000\040\152\041\127\213\232\214\213\301\116\016\160\165\145\117\136\246\122\006\147\220}{}% 27
\BOOKMARK [2][]{subsection.6.1}{\376\377\0006\000.\0001\000\040\126\333\221\315\232\214\213\301\117\123\174\373}{section.6}% 28
\BOOKMARK [2][]{subsection.6.2}{\376\377\0006\000.\0002\000\040\160\165\145\117\136\246\122\006\147\220}{section.6}% 29
\BOOKMARK [1][]{section.7}{\376\377\116\003\060\001\000\040\152\041\127\213\213\304\116\367\116\016\143\250\136\177}{}% 30
\BOOKMARK [2][]{subsection.7.1}{\376\377\0007\000.\0001\000\040\152\041\127\213\117\030\160\271}{section.7}% 31
\BOOKMARK [2][]{subsection.7.2}{\376\377\0007\000.\0002\000\040\152\041\127\213\177\072\160\271}{section.7}% 32
\BOOKMARK [2][]{subsection.7.3}{\376\377\0007\000.\0003\000\040\152\041\127\213\143\250\136\177}{section.7}% 33
\BOOKMARK [1][]{section*.22}{\376\377\123\302\200\003\145\207\163\056}{}% 34
\BOOKMARK [1][]{appendix.A}{\376\377\000A\000\040\172\013\136\217\116\343\170\001\213\364\146\016}{}% 35
\BOOKMARK [1][]{appendix.B}{\376\377\000B\000\040\176\323\147\234\145\207\116\366}{}% 36
